[manorbookpublishers.com/index.html]
[backblue.gif]
[fade.gif]
[index.html]
[manorbookpublishers.com/assets/images/favicon.ico]
[cdnjs.cloudflare.com/ajax/libs/font-awesome/5.15.3/css/all.min.css]
[unpkg.com/swiper@9.4.1/swiper-bundle.min.css]
[connect.facebook.net/en_US/fbevents.js]
[manorbookpublishers.com/assets/images/logo.png]
[manorbookpublishers.com/index-2.html]
[manorbookpublishers.com/about-us.html]
[manorbookpublishers.com/professional-ghostwriting-services.html]
[manorbookpublishers.com/ebook-writing-services.html]
[manorbookpublishers.com/book-editing-services.html]
[manorbookpublishers.com/book-cover-design.html]
[manorbookpublishers.com/ebook-cover-design.html]
[manorbookpublishers.com/book-writing.html]
[manorbookpublishers.com/book-marketing.html]
[manorbookpublishers.com/biography-writing.html]
[manorbookpublishers.com/memoir-writing.html]
[manorbookpublishers.com/book-printing.html]
[manorbookpublishers.com/book-trailer-services.html]
[manorbookpublishers.com/audiobook-publishing-services.html]
[manorbookpublishers.com/author-website-design.html]
[manorbookpublishers.com/book-illustration-services.html]
[manorbookpublishers.com/contact-us.html]
[manorbookpublishers.com/blogs.html]
[manorbookpublishers.com/assets/images/home/pen.png]
[manorbookpublishers.com/assets/images/home/formAbsolute.jpg]
[manorbookpublishers.com/assets/images/home/banner-inner-img.jpg]
[manorbookpublishers.com/assets/images/home/marquee/0.png]
[manorbookpublishers.com/assets/images/home/marquee/1.png]
[manorbookpublishers.com/assets/images/home/marquee/2.png]
[manorbookpublishers.com/assets/images/home/marquee/3.png]
[manorbookpublishers.com/assets/images/home/marquee/4.png]
[manorbookpublishers.com/assets/images/home/marquee/5.png]
[manorbookpublishers.com/assets/images/home/pen-about.png]
[manorbookpublishers.com/assets/images/home/about.png]
[manorbookpublishers.com/assets/images/home/services/1.png]
[manorbookpublishers.com/assets/images/home/services/2.png]
[manorbookpublishers.com/assets/images/home/services/5.png]
[manorbookpublishers.com/assets/images/home/services/6.png]
[manorbookpublishers.com/assets/images/home/services/7.png]
[manorbookpublishers.com/assets/images/home/services/8.png]
[manorbookpublishers.com/assets/images/home/services/9.png]
[manorbookpublishers.com/assets/images/bookCover/1.webp]
[manorbookpublishers.com/assets/images/bookCover/2.webp]
[manorbookpublishers.com/assets/images/bookCover/3.webp]
[manorbookpublishers.com/assets/images/bookCover/4.webp]
[manorbookpublishers.com/assets/images/bookCover/5.webp]
[manorbookpublishers.com/assets/images/bookCover/6.webp]
[manorbookpublishers.com/assets/images/bookCover/7.webp]
[manorbookpublishers.com/assets/images/bookCover/8.webp]
[manorbookpublishers.com/assets/images/bookCover/9.webp]
[manorbookpublishers.com/assets/images/bookCover/10.webp]
[manorbookpublishers.com/assets/images/bookCover/11.webp]
[manorbookpublishers.com/assets/images/bookCover/12.webp]
[manorbookpublishers.com/assets/images/bookCover/13.webp]
[manorbookpublishers.com/assets/images/bookCover/14.webp]
[manorbookpublishers.com/assets/images/bookCover/15.webp]
[manorbookpublishers.com/assets/images/bookCover/16.webp]
[manorbookpublishers.com/assets/images/bookCover/17.webp]
[manorbookpublishers.com/assets/images/bookCover/18.webp]
[manorbookpublishers.com/assets/images/bookCover/19.webp]
[manorbookpublishers.com/assets/images/bookCover/20.webp]
[manorbookpublishers.com/assets/images/bookCover/21.webp]
[manorbookpublishers.com/assets/images/bookCover/22.webp]
[manorbookpublishers.com/assets/images/bookCover/23.webp]
[manorbookpublishers.com/assets/images/bookCover/24.webp]
[manorbookpublishers.com/assets/images/bookCover/25.webp]
[manorbookpublishers.com/assets/images/bookCover/26.webp]
[manorbookpublishers.com/assets/images/bookCover/27.webp]
[manorbookpublishers.com/assets/images/bookCover/28.webp]
[manorbookpublishers.com/assets/images/bookCover/29.webp]
[manorbookpublishers.com/assets/images/bookCover/30.webp]
[manorbookpublishers.com/assets/images/bookCover/31.webp]
[manorbookpublishers.com/assets/images/bookCover/32.webp]
[manorbookpublishers.com/assets/images/bookCover/33.webp]
[manorbookpublishers.com/assets/images/bookCover/34.webp]
[manorbookpublishers.com/assets/images/bookCover/35.webp]
[manorbookpublishers.com/assets/images/bookCover/36.webp]
[manorbookpublishers.com/assets/images/bookCover/37.webp]
[manorbookpublishers.com/assets/images/bookCover/38.webp]
[manorbookpublishers.com/assets/images/bookCover/39.webp]
[manorbookpublishers.com/assets/images/bookCover/40.webp]
[manorbookpublishers.com/assets/images/bookCover/41.webp]
[manorbookpublishers.com/assets/images/bookCover/42.webp]
[manorbookpublishers.com/assets/images/bookCover/43.webp]
[manorbookpublishers.com/assets/images/bookCover/44.webp]
[manorbookpublishers.com/assets/images/bookCover/45.webp]
[manorbookpublishers.com/assets/images/bookCover/46.webp]
[manorbookpublishers.com/assets/images/bookCover/47.webp]
[manorbookpublishers.com/assets/images/bookCover/48.webp]
[manorbookpublishers.com/assets/images/bookCover/49.webp]
[manorbookpublishers.com/assets/images/bookCover/50.webp]
[manorbookpublishers.com/assets/images/home/client-placeholder.png]
[manorbookpublishers.com/assets/images/Amazon-logo.png]
[manorbookpublishers.com/assets/images/authorBbook/1.webp]
[manorbookpublishers.com/assets/images/authorBbook/2.webp]
[manorbookpublishers.com/assets/images/authorBbook/3.webp]
[manorbookpublishers.com/assets/images/authorBbook/4.webp]
[manorbookpublishers.com/assets/images/authorBbook/5.webp]
[manorbookpublishers.com/assets/images/authorBbook/6.webp]
[manorbookpublishers.com/assets/images/authorBbook/7.webp]
[manorbookpublishers.com/assets/images/authorBbook/8.webp]
[manorbookpublishers.com/assets/images/authorBbook/9.webp]
[manorbookpublishers.com/assets/images/authorBbook/10.webp]
[manorbookpublishers.com/assets/images/home/1.png]
[manorbookpublishers.com/assets/images/home/success/1.png]
[manorbookpublishers.com/assets/images/home/success/tab-arrow.png]
[manorbookpublishers.com/assets/images/home/success/2.png]
[manorbookpublishers.com/assets/images/home/success/3.png]
[manorbookpublishers.com/assets/images/home/success/4.png]
[manorbookpublishers.com/assets/images/home/success/5.png]
[manorbookpublishers.com/assets/images/home/success/6.png]
[manorbookpublishers.com/assets/images/home/tab-sec-book.webp]
[manorbookpublishers.com/assets/images/home/client-01.png]
[manorbookpublishers.com/assets/images/home/stars.png]
[manorbookpublishers.com/assets/images/home/client-02.png]
[manorbookpublishers.com/assets/images/home/client-03.png]
[manorbookpublishers.com/assets/images/home/client-04.png]
[manorbookpublishers.com/assets/images/home/client-05.png]
[manorbookpublishers.com/assets/images/home/client-06.png]
[manorbookpublishers.com/assets/images/home/client-07.png]
[manorbookpublishers.com/assets/images/home/client-08.png]
[manorbookpublishers.com/assets/images/home/client-09.png]
[manorbookpublishers.com/assets/images/home/client-10.png]
[manorbookpublishers.com/privacy-policy.html]
[manorbookpublishers.com/terms-condition.html]
[manorbookpublishers.com/assets/images/phone-icon-f.png]
[manorbookpublishers.com/assets/images/email-icon-f.png]
[manorbookpublishers.com/assets/images/address-icon-f.png]
[manorbookpublishers.com/assets/images/customer-review.png]
[manorbookpublishers.com/assets/images/cards.png]
[unpkg.com/swiper@9.4.1/swiper-bundle.min.js]
[manorbookpublishers.com/assets/js/swiper.js]
[manorbookpublishers.com/assets/js/index.js]
[manorbookpublishers.com/index.html]
[manorbookpublishers.com/assets/images/home/services/service-hover-bg.png]
[manorbookpublishers.com/assets/images/av-bg-img.png]
[manorbookpublishers.com/assets/images/av-bg-hover-img.png]
[manorbookpublishers.com/assets/images/prvcy.webp]
[manorbookpublishers.com/assets/css/index.css]
[cdnjs.cloudflare.com/ajax/libs/font-awesome/5.15.3/css/all.min.css]
[unpkg.com/swiper@9.4.1/swiper-bundle.min.css]
[connect.facebook.net/en_US/fbevents.js]
[manorbookpublishers.com/index-2.html]
[manorbookpublishers.com/assets/images/About/1-min.png]
[manorbookpublishers.com/assets/images/About/2-min.png]
[manorbookpublishers.com/assets/images/About/abt.png]
[manorbookpublishers.com/assets/images/av-01.png]
[manorbookpublishers.com/assets/images/av-02.png]
[manorbookpublishers.com/assets/images/av-03.png]
[manorbookpublishers.com/assets/images/av-04.png]
[manorbookpublishers.com/assets/images/av-05.png]
[manorbookpublishers.com/about-us.html]
[manorbookpublishers.com/assets/images/services/1-min.png]
[manorbookpublishers.com/assets/images/services/ghostwriting-01.png]
[manorbookpublishers.com/assets/images/services/ghostwriting-02.png]
[manorbookpublishers.com/assets/images/services/ghostwriting-03.png]
[manorbookpublishers.com/assets/images/services/ghostwriting-04.png]
[manorbookpublishers.com/assets/images/services/ghostwriting-05.png]
[manorbookpublishers.com/assets/images/services/service-qoute-img.png]
[manorbookpublishers.com/assets/images/services/doing-icon.png]
[manorbookpublishers.com/assets/images/services/inner-tab-img.png]
[manorbookpublishers.com/professional-ghostwriting-services.html]
[manorbookpublishers.com/assets/images/services/2-min.png]
[manorbookpublishers.com/assets/images/services/22-min.png]
[manorbookpublishers.com/assets/images/services/e-bookwriting-01.png]
[manorbookpublishers.com/assets/images/services/e-bookwriting-02.png]
[manorbookpublishers.com/assets/images/services/e-bookwriting-03.png]
[manorbookpublishers.com/assets/images/services/e-bookwriting-04.png]
[manorbookpublishers.com/assets/images/services/3-min.png]
[manorbookpublishers.com/ebook-writing-services.html]
[manorbookpublishers.com/assets/images/services/bookediting-icon-02.png]
[manorbookpublishers.com/assets/images/services/tab-sec-book.png]
[manorbookpublishers.com/assets/images/services/5-min.png]
[manorbookpublishers.com/book-editing-services.html]
[manorbookpublishers.com/assets/images/services/4-min.png]
[manorbookpublishers.com/book-cover-design.html]
[manorbookpublishers.com/assets/images/services/6-min.png]
[manorbookpublishers.com/ebook-cover-design.html]
[manorbookpublishers.com/assets/images/services/7-min.png]
[manorbookpublishers.com/book-writing.html]
[manorbookpublishers.com/assets/images/services/8-min.png]
[manorbookpublishers.com/book-marketing.html]
[manorbookpublishers.com/assets/images/services/9-min.png]
[manorbookpublishers.com/assets/images/services/10-min.png]
[manorbookpublishers.com/assets/images/services/11-min.png]
[manorbookpublishers.com/biography-writing.html]
[manorbookpublishers.com/assets/images/services/12-min.png]
[manorbookpublishers.com/assets/images/services/13-min.png]
[manorbookpublishers.com/memoir-writing.html]
[manorbookpublishers.com/book-printing.html]
[manorbookpublishers.com/assets/images/services/14-min.png]
[manorbookpublishers.com/assets/images/services/15-min.png]
[manorbookpublishers.com/assets/images/services/16-min.png]
[manorbookpublishers.com/book-trailer-services.html]
[manorbookpublishers.com/assets/images/services/17-min.png]
[manorbookpublishers.com/assets/images/services/18-min.png]
[manorbookpublishers.com/assets/images/services/19-min.png]
[manorbookpublishers.com/audiobook-publishing-services.html]
[manorbookpublishers.com/assets/images/services/20-min.png]
[manorbookpublishers.com/assets/images/services/21-min.png]
[manorbookpublishers.com/author-website-design.html]
[manorbookpublishers.com/assets/images/services/23-min.png]
[manorbookpublishers.com/assets/images/services/24-min.png]
[manorbookpublishers.com/assets/images/services/25-min.png]
[manorbookpublishers.com/assets/images/services/26-min.png]
[manorbookpublishers.com/book-illustration-services.html]
[manorbookpublishers.com/assets/images/contact-phone.png]
[manorbookpublishers.com/assets/images/contact-email.png]
[manorbookpublishers.com/assets/images/contact-map.png]
[manorbookpublishers.com/contact-us.html]
[manorbookpublishers.com/about-us-2.html]
[manorbookpublishers.com/professional-ghostwriting-services-2.html]
[manorbookpublishers.com/ebook-writing-services-2.html]
[manorbookpublishers.com/book-editing-services-2.html]
[manorbookpublishers.com/book-cover-design-2.html]
[manorbookpublishers.com/ebook-cover-design-2.html]
[manorbookpublishers.com/book-writing-2.html]
[manorbookpublishers.com/book-marketing-2.html]
[manorbookpublishers.com/biography-writing-2.html]
[manorbookpublishers.com/memoir-writing-2.html]
[manorbookpublishers.com/book-printing-2.html]
[manorbookpublishers.com/book-trailer-services-2.html]
[manorbookpublishers.com/audiobook-publishing-services-2.html]
[manorbookpublishers.com/author-website-design-2.html]
[manorbookpublishers.com/book-illustration-services-2.html]
[manorbookpublishers.com/contact-us-2.html]
[manorbookpublishers.com/blogs-2.html]
[manorbookpublishers.com/blog/perfect-publisher-for-your-manuscript.html]
[manorbookpublishers.com/assets/images/blogs/1.jpg]
[manorbookpublishers.com/blog/self-publishing-vs-traditional-publishing.html]
[manorbookpublishers.com/assets/images/blogs/2.jpg]
[manorbookpublishers.com/blog/book-publishing-companies-in-2024.html]
[bestbookpublisher.com/images/fwefewfwef.jpg]
[manorbookpublishers.com/privacy-policy-2.html]
[manorbookpublishers.com/terms-condition-2.html]
[manorbookpublishers.com/blogs.html]
[manorbookpublishers.com/transparent.html]
[manorbookpublishers.com/assets/images/home/check.svg]
[manorbookpublishers.com/privacy-policy.html]
[manorbookpublishers.com/terms-condition.html]
[manorbookpublishers.com/signals/config/index.html]
[manorbookpublishers.com/t.html]
[manorbookpublishers.com/e.html]
[manorbookpublishers.com/signals/plugins/index.html]
[manorbookpublishers.com/schema.org/index.html]
[manorbookpublishers.com/t-2.html]
[manorbookpublishers.com/o.html]
[manorbookpublishers.com/signals/iwl.html]
[manorbookpublishers.com/signals/iwl0fc5.html]
[manorbookpublishers.com/n.html]
[manorbookpublishers.com/n-2.html]
[manorbookpublishers.com/assets/images/services/check-ico.svg]
[manorbookpublishers.com/ebook-proofreading-services.html]
[manorbookpublishers.com/about-us-2.html]
[manorbookpublishers.com/professional-ghostwriting-services-2.html]
[manorbookpublishers.com/ebook-writing-services-2.html]
[manorbookpublishers.com/book-editing-services-2.html]
[manorbookpublishers.com/book-cover-design-2.html]
[manorbookpublishers.com/ebook-cover-design-2.html]
[manorbookpublishers.com/book-writing-2.html]
[manorbookpublishers.com/book-marketing-2.html]
[manorbookpublishers.com/biography-writing-2.html]
[manorbookpublishers.com/memoir-writing-2.html]
[manorbookpublishers.com/book-printing-2.html]
[manorbookpublishers.com/book-trailer-services-2.html]
[manorbookpublishers.com/audiobook-publishing-services-2.html]
[manorbookpublishers.com/author-website-design-2.html]
[manorbookpublishers.com/book-illustration-services-2.html]
[manorbookpublishers.com/contact-us-2.html]
[manorbookpublishers.com/blogs-2.html]
[manorbookpublishers.com/assets/images/home/logo.png]
[manorbookpublishers.com/blog/perfect-publisher-for-your-manuscript.html]
[manorbookpublishers.com/blog/self-publishing-vs-traditional-publishing.html]
[manorbookpublishers.com/assets/images/blogs/20best.jpg]
[manorbookpublishers.com/blog/book-publishing-companies-in-2024.html]
[manorbookpublishers.com/privacy-policy-2.html]
[manorbookpublishers.com/terms-condition-2.html]
[www.googletagmanager.com/gtm5445.html]
[manorbookpublishers.com/blog/assets/images/favicon.html]
[manorbookpublishers.com/index-3.html]
